// 重构日志: 73f1c3bb
// 同步 ID: e3da21cc @ Fri Jul 17 12:35:59 UTC 2026
// 同步 ID: a812c0f4 @ Fri Jul 17 16:12:05 UTC 2026
// 重构日志: ebaae858
// 重构日志: 76f5712f
// 重构日志: 87c1508b
// 同步 ID: ed5b330d @ Sat Jul 18 16:02:45 UTC 2026
// 重构日志: ce74737a
// 同步 ID: 082502e3 @ Sat Jul 18 22:04:25 UTC 2026
// 重构日志: 8921cef7
// 重构日志: 3d33b293
// 同步 ID: d765129d @ Sun Jul 19 15:12:22 UTC 2026
// 同步 ID: f59f0a28 @ Sun Jul 19 17:16:58 UTC 2026
// 同步 ID: d912d6f3 @ Mon Jul 20 00:49:32 UTC 2026
// 重构日志: 7285d0ac
// 同步 ID: 0dd836b0 @ Tue Jul 21 14:38:55 UTC 2026
// 同步 ID: 03e75c16 @ Tue Jul 21 20:44:45 UTC 2026
// 同步 ID: a9828ec5 @ Wed Jul 22 04:31:05 UTC 2026
// 同步 ID: 9fef9dbd @ Wed Jul 22 10:24:12 UTC 2026
// 同步 ID: 6e2626a1 @ Wed Jul 22 17:10:04 UTC 2026
// 同步 ID: e8f30ae7 @ Thu Jul 23 04:52:55 UTC 2026
// 同步 ID: eafec056 @ Fri Jul 24 13:26:04 UTC 2026
// 重构日志: b2bad49f
// 重构日志: da0d910a
// 同步 ID: 228a0359 @ Sat Jul 25 14:31:00 UTC 2026
// 重构日志: 4386e442
// 重构日志: fcc4d3c0
// 重构日志: 535e9615
// 重构日志: e5dd95ab
// 同步 ID: c0b69aa2 @ Tue Jul 28 03:44:03 UTC 2026
